C:\Users\tempuser2\Desktop\XGBOOST_2.0\XGBOOST\.venv\Lib\site-packages\nbformat\validator.py:434: MissingIDFieldWarning: Cell is missing an id field, this will become a hard error in future nbformat versions. You may want to use `normalize()` on your notebooks before validations (available since nbformat 5.1.4). Previous versions of nbformat are fixing this issue transparently, and will stop doing so in the future.
  _validate(nbdict, ref, version, version_minor, relax_add_props)
executing Dataset_backblaze_Analysis_2022_XGBoost.ipynb: 29 code cells, timeout 172800s
C:\Users\tempuser2\Desktop\XGBOOST_2.0\XGBOOST\.venv\Lib\site-packages\zmq\_future.py:718: RuntimeWarning: Proactor event loop does not implement add_reader family of methods required for zmq. Registering an additional selector thread for add_reader support via tornado. Use `asyncio.set_event_loop_policy(WindowsSelectorEventLoopPolicy())` to avoid this warning.
  self._get_loop()
[IPKernelApp] WARNING | Kernel is running over TCP without encryption. All communication (including code and outputs) is sent in plain text and is susceptible to eavesdropping. Use IPC transport or launch with kernel manager-provisioned CurveZMQ keys to enable transport encryption.

==============================================================================
[cell 1/29] import gc, json, os, sys, time
==============================================================================
torch 2.14.0.dev20260708+cu132 | xgboost 3.4.1 | device cuda
18 shards from 2022 on: Q1_2022 -> Q2_2026
  Q1_2022, Q2_2022, Q3_2022, Q4_2022, Q1_2023, Q2_2023, Q3_2023, Q4_2023, Q1_2024, Q2_2024, Q3_2024, Q4_2024, Q1_2025, Q2_2025, Q3_2025, Q4_2025, Q1_2026, Q2_2026
[cell 1 done in 2.1s]

==============================================================================
[cell 2/29] t0 = time.time()
==============================================================================
  census cached: 416,428 drives

416,428 drives | 457,380,330 observed drive-days | 19,024 drives with a failure event
2022-01-01 -> 2026-06-30   (0s)
[cell 2 done in 0.0s]

==============================================================================
[cell 3/29] audit_df = ap.sample_audit_frame(cfg0, census, n_drives=15_000)
==============================================================================
  [ 1/18] Q1_2022.parquet    669,411 rows kept
  [ 2/18] Q2_2022.parquet    691,592 rows kept
  [ 3/18] Q3_2022.parquet    735,216 rows kept
  [ 4/18] Q4_2022.parquet    768,652 rows kept
  [ 5/18] Q1_2023.parquet    767,257 rows kept
  [ 6/18] Q2_2023.parquet    780,868 rows kept
  [ 7/18] Q3_2023.parquet    843,212 rows kept
  [ 8/18] Q4_2023.parquet    885,087 rows kept
  [ 9/18] Q1_2024.parquet    902,083 rows kept
  [10/18] Q2_2024.parquet    933,665 rows kept
  [11/18] Q3_2024.parquet    962,131 rows kept
  [12/18] Q4_2024.parquet    985,769 rows kept
  [13/18] Q1_2025.parquet  1,002,847 rows kept
  [14/18] Q2_2025.parquet  1,037,907 rows kept
  [15/18] Q3_2025.parquet  1,074,738 rows kept
  [16/18] Q4_2025.parquet  1,116,665 rows kept
  [17/18] Q1_2026.parquet  1,104,216 rows kept
  [18/18] Q2_2026.parquet  1,156,039 rows kept
  audit frame: 16,417,355 drive-days over 15,000 drives, 656 failure events (base rate 0.00400%)
[audit] scoring 23 telemetry columns, 6 identifier/topology columns, and 6 derived record-geometry probes over 16,417,355 drive-days ...
============================================================================================
STEP 1 -- TARGET LEAKAGE AND PROXY AUDIT
============================================================================================
  drive-days ........... 16,417,355
  distinct drives ...... 15,000
  failure events ....... 656 (base rate 0.0040%)

  thresholds: severe if rank-AUC >= 0.95, or 1-threshold balanced acc >= 0.90,
              or |r| >= 0.50, or missingness gap >= 0.25, or level lift >= 20x

--------------------------------------------------------------------------------------------
A. TELEMETRY COLUMNS vs failure -- top 12 by rank AUC
--------------------------------------------------------------------------------------------
       column coverage  n_unique   corr auc_directional balanced_acc verdict
smart_187_raw   0.3930      1120 0.0174          0.8887       0.8785 suspect
smart_183_raw   0.0325       169 0.0006          0.7950       0.7586   clean
smart_197_raw   0.9685      1396 0.0651          0.7862       0.7842   clean
  smart_5_raw   0.9910      6815 0.0212          0.7859       0.7807   clean
smart_198_raw   0.9902       890 0.0640          0.7004       0.6994   clean
  smart_4_raw   0.9877       423 0.0004          0.6590       0.6203   clean
smart_188_raw   0.3911      1000 0.0067          0.6579       0.6558 suspect
 smart_12_raw   0.9982       346 0.0006          0.6403       0.6046   clean
  smart_9_raw   0.9982     82565 0.0027          0.6211       0.6082   clean
smart_240_raw   0.6579     87644 0.0026          0.6022       0.5969   clean
smart_193_raw   0.9867    136319 0.0025          0.5959       0.6000   clean
smart_242_raw   0.4636   6541570 0.0000          0.5864       0.5794 suspect

--------------------------------------------------------------------------------------------
B. MISSINGNESS AS A LEAK CHANNEL -- P(null | failure) vs P(null | healthy)
--------------------------------------------------------------------------------------------
       column null_rate null_if_failure null_if_healthy missing_gap verdict
smart_242_raw    0.5364          0.4131          0.5364     -0.1233 suspect
smart_241_raw    0.5364          0.4131          0.5364     -0.1233 suspect
smart_188_raw    0.6089          0.4909          0.6089     -0.1180 suspect
smart_190_raw    0.6099          0.4954          0.6099     -0.1145 suspect
smart_187_raw    0.6070          0.4954          0.6070     -0.1116 suspect
smart_184_raw    0.8755          0.7744          0.8755     -0.1011 suspect

--------------------------------------------------------------------------------------------
C. IDENTIFIER / TOPOLOGY COLUMNS -- categorical association
--------------------------------------------------------------------------------------------
        column  cardinality cramers_v max_lift     verdict
      vault_id          266    0.0057   4.8348       clean
capacity_bytes           18    0.0032   4.7270       clean
  pod_slot_num           60    0.0045   2.0794 SEVERE LEAK
    datacenter            6    0.0017   1.4073       clean
    cluster_id            7    0.0018   1.3558       clean
        pod_id           20    0.0010   1.3371       clean

--------------------------------------------------------------------------------------------
D. RECORD-GEOMETRY PROBES -- features a naive engineering step would build
--------------------------------------------------------------------------------------------
  [per drive-day]  target = failure flag on that day
                            column auc_directional balanced_acc    corr     verdict
               days_to_last_record          0.9916       0.9904 -0.0093 SEVERE LEAK
days_from_record_end_to_export_end          0.9490       0.9398  0.0191 SEVERE LEAK
     still_reporting_at_export_end          0.9393       0.9393 -0.0175 SEVERE LEAK
                record_length_days          0.8402       0.7681 -0.0093       clean
           days_since_first_record          0.5533       0.5490  0.0012       clean
                calendar_day_index          0.5028       0.5140  0.0001       clean

  [per drive]  target = drive ever failed
                            column auc_directional balanced_acc    corr     verdict
days_from_record_end_to_export_end          0.9460       0.9443  0.4785 SEVERE LEAK
     still_reporting_at_export_end          0.9439       0.9439 -0.5176 SEVERE LEAK
                record_length_days          0.6985       0.6866 -0.1311       clean


============================================================================================
VERDICT
============================================================================================
  4 column(s) flagged SEVERE -- dropped from X before preprocessing:
    - days_to_last_record          rank AUC 0.992 on its own -- reproduces the label
    - days_from_record_end_to_export_end one threshold gives balanced accuracy 0.940
    - still_reporting_at_export_end one threshold gives balanced accuracy 0.944
    - pod_slot_num                 null on 58.2% of failure days vs 28.0% of healthy days

  7 column(s) flagged SUSPECT -- also excluded, see reasons:
    - smart_187_raw                rank AUC 0.889 -- unusually high for telemetry
    - smart_188_raw                missingness gap 0.118 between failure and healthy days
    - smart_242_raw                missingness gap 0.123 between failure and healthy days
    - smart_241_raw                missingness gap 0.123 between failure and healthy days
    - smart_190_raw                missingness gap 0.114 between failure and healthy days
    - smart_189_raw                missingness gap 0.100 between failure and healthy days
    - smart_184_raw                missingness gap 0.101 between failure and healthy days

  blocklist (14 names) enforced by LeakageReport.assert_clean():
    date, days_from_record_end_to_export_end, days_to_last_record, failure, pod_slot_num, serial_number, smart_184_raw, smart_187_raw, smart_188_raw, smart_189_raw, smart_190_raw, smart_241_raw, smart_242_raw, still_reporting_at_export_end
============================================================================================
[cell 3 done in 146.8s]

==============================================================================
[cell 4/29] features = la.select_feature_columns(audit_df, report)
==============================================================================
15 attributes survive coverage >= 50% and the blocklist:

  smart_197_raw      coverage  96.85%      1,396 distinct  rank AUC 0.7862
  smart_5_raw        coverage  99.10%      6,815 distinct  rank AUC 0.7859
  smart_198_raw      coverage  99.02%        890 distinct  rank AUC 0.7004
  smart_4_raw        coverage  98.77%        423 distinct  rank AUC 0.6590
  smart_12_raw       coverage  99.82%        346 distinct  rank AUC 0.6403
  smart_9_raw        coverage  99.82%     82,565 distinct  rank AUC 0.6211
  smart_240_raw      coverage  65.79%     87,644 distinct  rank AUC 0.6022
  smart_193_raw      coverage  98.67%    136,319 distinct  rank AUC 0.5959
  smart_1_raw        coverage  99.74%  5,427,754 distinct  rank AUC 0.5781
  smart_7_raw        coverage  98.77%  5,873,176 distinct  rank AUC 0.5710
  smart_3_raw        coverage  98.77%      3,417 distinct  rank AUC 0.5443
  smart_192_raw      coverage  99.49%     16,010 distinct  rank AUC 0.5293
  smart_194_raw      coverage  99.82%         60 distinct  rank AUC 0.5166
  smart_199_raw      coverage  99.10%      1,274 distinct  rank AUC 0.5007
  smart_10_raw       coverage  98.41%          5 distinct  rank AUC 0.5001
[leakage guard] 15 feature columns checked against a 14-name blocklist -- clean.
  saved results/figures/2022x_step1_leakage_audit.png
C:\Users\tempuser2\Desktop\XGBOOST_2.0\XGBOOST\scripts\leakage_audit.py:618: UserWarning: FigureCanvasAgg is non-interactive, and thus cannot be shown
  plt.show()
28
[cell 4 done in 0.7s]

==============================================================================
[cell 5/29] cfg = ap.ArchiveConfig(
==============================================================================
========================================================================================
STEP A -- DRIVE CENSUS
========================================================================================
  census cached: 416,428 drives

========================================================================================
STEP B -- DENSE LAYOUT
========================================================================================
  413,045 drives kept, 3,383 dropped (shorter than 30 days)
  459,048,144 dense drive-days (457,317,880 observed, 1,730,264 forward-filled)
  matrix 459,048,144 x 46 float32 = 84.5 GB memory-mapped

========================================================================================
STEP C -- EXTERNAL SORT INTO 48 BUCKETS
========================================================================================
  buckets cached

========================================================================================
STEP D -- DENSIFY
========================================================================================
  dense matrix cached

ArchiveSeriesStore: 413,045 drives, 459,048,144 dense drive-days, 46 channels (84 GB memory-mapped), 18,564 drives with a failure event
[cell 5 done in 0.1s]

==============================================================================
[cell 6/29] splits = ap.grouped_drive_split(store, cfg)
==============================================================================
========================================================================================
LABEL-LEAKAGE VERIFICATION
========================================================================================
  1. names ........... 46 channels, none named after `failure`
  2. storage ......... values -> values.f32, labels -> failure.u8 (separate files, no shared memory)
  3. independence .... labels overwritten with noise; X re-gathered bit-identical over 4,096 windows  PASS
  4. separability .... 20,000 probe windows, 0.395% positive
     strongest single channel: smart_197_raw at AUC 0.6911 (a proxy would sit at ~1.00)

  the model input is (batch, 30, 46) and contains SMART levels, their deltas and the observed mask -- nothing else
[cell 6 done in 5.2s]

==============================================================================
[cell 7/29] # The strongest channels, ranked against the window label. Useful sign
==============================================================================
strongest single channels vs the 30-day window label (20,000 probe windows):

           channel  auc_vs_window_label
1    smart_197_raw             0.691124
2      smart_5_raw             0.682798
3    smart_198_raw             0.648322
4      smart_1_raw             0.627615
5      smart_7_raw             0.622210
6   smart_5_raw_d7             0.618829
7    smart_193_raw             0.602454
8      smart_3_raw             0.599101
9   smart_7_raw_d1             0.594618
10  smart_9_raw_d1             0.592584
11   smart_240_raw             0.590284
12  smart_7_raw_d7             0.590062

ceiling for a non-leaked channel: 0.95     observed maximum: 0.6911
model input shape: (batch, 30, 46) -- SMART levels, 1- and 7-day deltas, observed mask. No label channel.
[cell 7 done in 0.0s]

==============================================================================
[cell 8/29] tiles = {name: ap.TilingWindows(store, splits[name], batch_size=cfg.ba
==============================================================================
       drives drives with a failure record days (dense) tiling 30-day windows tiling batches every possible window
split                                                                                                             
train 280,870                12,623         312,175,229            10,519,256          2,569           304,029,999
val    49,566                 2,228          55,215,887             1,860,545            455            53,778,473
test   82,609                 3,713          91,657,028             3,088,649            755            89,261,367

TIMELINE COVERAGE
  413,045 drives, 459,048,144 dense drive-days
  15,468,450 non-overlapping 30-day windows cover the entire timeline
  at batch size 4,096 that is 3,779 batches in total
  train | tiling W=30  |   10,519,256 windows | 280,870 drives | positive rate  0.2401% (25,254 positive windows) | 2,569 batches
  val   | tiling W=30  |    1,860,545 windows |  49,566 drives | positive rate  0.2391% (4,449 positive windows) | 455 batches
  test  | tiling W=30  |    3,088,649 windows |  82,609 drives | positive rate  0.2404% (7,424 positive windows) | 755 batches
[cell 8 done in 1.9s]

==============================================================================
[cell 9/29] # Per-drive accounting: how many windows each drive needs to have its 
==============================================================================
per-drive window counts, first 20 test drives (batch size 4,096):

 drive_index    serial_number  record_days  windows_to_cover_timeline  days_covered  overlap_on_last_window  drive_has_failure
           3 02308a3415be0010         1642                         55          1650                       8              False
           7 0559e3d009d20010          993                         34          1020                      27              False
           8 0564f6f3fab90010         1642                         55          1650                       8              False
           9 059bba587f390010          993                         34          1020                      27              False
          15 078ea1af2c3f0010         1642                         55          1650                       8              False
          26 0e4aa019c4690010         1642                         55          1650                       8              False
          29     1030A004F9RG          252                          9           270                      18              False
          30     1030A005F9RG          453                         16           480                      27              False
          38     1030A00MF9RG          813                         28           840                      27              False
          39     1030A00RF97G         1642                         55          1650                       8              False
          48     1030A05GF97G         1642                         55          1650                       8              False
          49     1030A05QF97G         1642                         55          1650                       8              False
          50     1030A05TF97G         1642                         55          1650                       8              False
          61     1040A00FF9RG          276                         10           300                      24              False
          64     1040A00MF9RG         1132                         38          1140                       8              False
          67     1040A00VF97G         1066                         36          1080                      14               True
          70     1040A012F97G         1642                         55          1650                       8              False
          84     1040A024F9RG         1166                         39          1170                       4              False
          91     1040A02DF97G         1642                         55          1650                       8              False
          99     1040A033F9RG         1103                         37          1110                       7              False

across all 82,609 test drives:
  windows per drive .... min 1, median 38, mean 37.4, max 55
  total windows ........ 3,088,649
  total batches ........ 755 of up to 4,096 windows each
  days covered ......... 92,659,470 (record holds 91,657,028; the difference is the overlap pulled back onto the last window of each drive)
[cell 9 done in 0.1s]

==============================================================================
[cell 10/29] bundle = ap.build_archive_bundle(cfg, store=store, val_stride=1, verbo
==============================================================================

grouped split by drive id -- no drive appears in two splits:
  train  280,870 drives  (12,623 carry a failure, 4.49%)
  val     49,566 drives  (2,228 carry a failure, 4.50%)
  test    82,609 drives  (3,713 carry a failure, 4.49%)
  scaler cached -- matrix already standardised in place

Window datasets (window_days=30, horizon_days=30, stride_days=1):
  train | random spd 4   |    1,123,480 windows | 280,870 drives | positive rate  1.1078% (measured, 12,623 failing drives)
  val   | enumerate stride 1  |   53,778,473 windows |  49,566 drives | positive rate  0.1277% (68,656 positive windows)
  test  | enumerate stride 1  |   89,261,367 windows |  82,609 drives | positive rate  0.1287% (114,854 positive windows)

Raw pos_weight from the training positive rate: 89.3
[cell 10 done in 0.2s]

==============================================================================
[cell 11/29] SEARCH_CSV = "results/w2022x_cnn_search.csv"
==============================================================================
loaded 30 cached trials from results/w2022x_cnn_search.csv

top 10 configurations by validation PR-AUC:

 layers     dilations  kernel_size  hidden_dim  dropout    lr  weight_decay  train_positive_ratio  parameters  val_pr_auc  val_roc_auc
      5    1-2-4-8-16            3         128      0.1 0.001       0.00001                  0.25      519297    0.145695     0.877631
      3         1-2-4            3          96      0.3 0.003       0.00001                  0.40      185569    0.144153     0.880100
      4       1-2-4-8            5          96      0.1 0.001       0.00010                  0.40      379297    0.143606     0.878669
      6 1-2-4-8-16-32            5         128      0.2 0.001       0.00001                  0.40      990593    0.143038     0.884129
      6   1-1-2-2-4-4            3          64      0.1 0.003       0.00001                  0.25      161729    0.142635     0.876482
      6 1-2-4-8-16-32            3         128      0.2 0.003       0.00001                  0.40      618369    0.141468     0.879268
      6 1-2-4-8-16-32            5          64      0.1 0.003       0.00001                  0.40      257729    0.141463     0.881769
      5    1-2-4-8-16            5          64      0.2 0.001       0.00001                  0.15      216385    0.141252     0.871254
      6 1-2-4-8-16-32            3         128      0.1 0.001       0.00001                  0.15      618369    0.140115     0.875332
      4       1-2-4-8            3          96      0.2 0.001       0.00001                  0.15      241441    0.139936     0.874657

how depth alone scores (median over the trials at each layer count):
        count  median     max
layers                       
2           4  0.1358  0.1380
3           3  0.1342  0.1442
4           6  0.1339  0.1436
5           7  0.1375  0.1457
6          10  0.1390  0.1430
[cell 11 done in 0.0s]

==============================================================================
[cell 12/29] best = search.iloc[0]
==============================================================================
winner: 5 layers, dilations 1-2-4-8-16, kernel 3, hidden 128, dropout 0.1, lr 0.001, wd 1e-05, positive_ratio 0.25
  519,297 parameters, search val PR-AUC 0.1457
  the previous hand-picked shape (5 layers, hidden 64, kernel 3) scored 0.1382 -> +5.5%
[cell 12 done in 0.0s]

==============================================================================
[cell 13/29] device = torch.device("cuda" if torch.cuda.is_available() else "cpu")
==============================================================================
input (2, 30, 46) -> (2, 1)  (one logit per window)
519,297 trainable parameters on cuda
[cell 13 done in 0.4s]

==============================================================================
[cell 14/29] model, history, best_val = ap.train_archive_model(model, loaders, bund
==============================================================================
Loss: BCEWithLogitsLoss(pos_weight=1.0)  [requested]
========================================================================================
TRAINING -- CNN, 519,297 parameters, up to 6 epochs, early stop after 2 without a val PR-AUC gain
  275 training batches/epoch, 13,130 validation batches/epoch
========================================================================================
epoch | train loss |  val loss | val PR-AUC | val ROC-AUC | val F1@.5 |       lr |     sec
------+------------+-----------+------------+-------------+-----------+----------+--------
      epoch 1 training  20.0%  loss 0.09130
      epoch 1 training  40.0%  loss 0.07031
      epoch 1 training  60.0%  loss 0.06259
      epoch 1 training  80.0%  loss 0.05941
    1 |    0.05700 |   0.01733 |     0.1292 |      0.8798 |    0.2164 | 1.00e-03 |   518.1  <- best
      epoch 2 training  20.0%  loss 0.04775
      epoch 2 training  40.0%  loss 0.04781
      epoch 2 training  60.0%  loss 0.04775
      epoch 2 training  80.0%  loss 0.04721
    2 |    0.04712 |   0.01502 |     0.1400 |      0.8851 |    0.2332 | 1.00e-03 |   744.1  <- best
      epoch 3 training  20.0%  loss 0.04700
      epoch 3 training  40.0%  loss 0.04711
      epoch 3 training  60.0%  loss 0.04686
      epoch 3 training  80.0%  loss 0.04681
    3 |    0.04690 |   0.01560 |     0.1419 |      0.8778 |    0.2219 | 1.00e-03 |   738.2  <- best
      epoch 4 training  20.0%  loss 0.04666
      epoch 4 training  40.0%  loss 0.04654
      epoch 4 training  60.0%  loss 0.04657
      epoch 4 training  80.0%  loss 0.04641
    4 |    0.04651 |   0.01757 |     0.1478 |      0.8842 |    0.2179 | 1.00e-03 |  1326.5  <- best
      epoch 5 training  20.0%  loss 0.04669
      epoch 5 training  40.0%  loss 0.04717
      epoch 5 training  60.0%  loss 0.04684
      epoch 5 training  80.0%  loss 0.04676
    5 |    0.04636 |   0.01776 |     0.1457 |      0.8824 |    0.2290 | 1.00e-03 |  1215.7
      epoch 6 training  20.0%  loss 0.04585
      epoch 6 training  40.0%  loss 0.04524
      epoch 6 training  60.0%  loss 0.04569
      epoch 6 training  80.0%  loss 0.04550
    6 |    0.04573 |   0.01442 |     0.1541 |      0.8848 |    0.2362 | 1.00e-03 |  1316.1  <- best

Best validation PR-AUC 0.1541 at epoch 6
  saved results/figures/2022x_step3_training_history.png
C:\Users\tempuser2\Desktop\XGBOOST_2.0\XGBOOST\scripts\backblaze_window_pipeline.py:2310: UserWarning: FigureCanvasAgg is non-interactive, and thus cannot be shown
  plt.show()
<Figure size 1650x462 with 3 Axes>
[cell 14 done in 5860.0s]

==============================================================================
[cell 15/29] results = ap.evaluate_archive_final(model, loaders, bundle, tcfg, devi
==============================================================================
========================================================================================
FINAL VALIDATION PASS -- every window at stride 1
========================================================================================
    val: 1/13,130 batches (  0.0%)  14,265 windows/s
    val: 657/13,130 batches (  5.0%)  49,118 windows/s
    val: 1,313/13,130 batches ( 10.0%)  47,510 windows/s
    val: 1,969/13,130 batches ( 15.0%)  46,768 windows/s
    val: 2,625/13,130 batches ( 20.0%)  46,895 windows/s
    val: 3,281/13,130 batches ( 25.0%)  47,033 windows/s
    val: 3,937/13,130 batches ( 30.0%)  46,965 windows/s
    val: 4,593/13,130 batches ( 35.0%)  47,270 windows/s
    val: 5,249/13,130 batches ( 40.0%)  47,419 windows/s
    val: 5,905/13,130 batches ( 45.0%)  47,419 windows/s
    val: 6,561/13,130 batches ( 50.0%)  47,193 windows/s
    val: 7,217/13,130 batches ( 55.0%)  47,230 windows/s
    val: 7,873/13,130 batches ( 60.0%)  47,259 windows/s
    val: 8,529/13,130 batches ( 65.0%)  47,253 windows/s
    val: 9,185/13,130 batches ( 70.0%)  47,240 windows/s
    val: 9,841/13,130 batches ( 75.0%)  47,301 windows/s
    val: 10,497/13,130 batches ( 79.9%)  47,349 windows/s
    val: 11,153/13,130 batches ( 84.9%)  47,760 windows/s
    val: 11,809/13,130 batches ( 89.9%)  48,774 windows/s
    val: 12,465/13,130 batches ( 94.9%)  49,144 windows/s
    val: 13,121/13,130 batches ( 99.9%)  49,068 windows/s
  best F1 threshold .... 0.608922  (val F1 0.2511) over 53,778,473 windows

========================================================================================
TEST PASS -- every window at stride 1
========================================================================================
    test: 1/21,793 batches (  0.0%)  10,610 windows/s
    test: 1,090/21,793 batches (  5.0%)  42,592 windows/s
    test: 2,179/21,793 batches ( 10.0%)  42,887 windows/s
    test: 3,268/21,793 batches ( 15.0%)  42,798 windows/s
    test: 4,357/21,793 batches ( 20.0%)  42,928 windows/s
    test: 5,446/21,793 batches ( 25.0%)  44,776 windows/s
    test: 6,535/21,793 batches ( 30.0%)  48,607 windows/s
    test: 7,624/21,793 batches ( 35.0%)  51,727 windows/s
    test: 8,713/21,793 batches ( 40.0%)  54,298 windows/s
    test: 9,802/21,793 batches ( 45.0%)  56,531 windows/s
    test: 10,891/21,793 batches ( 50.0%)  58,526 windows/s
    test: 11,980/21,793 batches ( 55.0%)  60,181 windows/s
    test: 13,069/21,793 batches ( 60.0%)  61,701 windows/s
    test: 14,158/21,793 batches ( 65.0%)  63,024 windows/s
    test: 15,247/21,793 batches ( 70.0%)  62,932 windows/s
    test: 16,336/21,793 batches ( 75.0%)  60,517 windows/s
    test: 17,425/21,793 batches ( 80.0%)  58,614 windows/s
    test: 18,514/21,793 batches ( 85.0%)  56,905 windows/s
    test: 19,603/21,793 batches ( 90.0%)  55,573 windows/s
    test: 20,692/21,793 batches ( 94.9%)  54,310 windows/s
    test: 21,781/21,793 batches ( 99.9%)  54,126 windows/s
========================================================================================
TEST @ threshold 0.5
========================================================================================
  windows evaluated .... 89,261,367  (114,854 positive, base rate 0.129%)
  PR-AUC ............... 0.1478   (a random ranker scores 0.0013)
  ROC-AUC .............. 0.8856
  threshold ............ 0.5000
  precision ............ 0.1738
  recall ............... 0.3225
  F1 ................... 0.2259
  confusion ............ TP 37037  FP 176033  FN 77817  TN 88970480
========================================================================================
TEST @ tuned threshold 0.608922
========================================================================================
  windows evaluated .... 89,261,367  (114,854 positive, base rate 0.129%)
  PR-AUC ............... 0.1478   (a random ranker scores 0.0013)
  ROC-AUC .............. 0.8856
  threshold ............ 0.6089
  precision ............ 0.2318
  recall ............... 0.2588
  F1 ................... 0.2446
  confusion ............ TP 29725  FP 98504  FN 85129  TN 89048009
========================================================================================
TEST CONFUSION MATRIX @ 0.608922   (threshold 0.6089)
========================================================================================
                       predicted 0    predicted 1
    actual 0       89,048,009         98,504   <- 98,504 false alarms
    actual 1           85,129         29,725   <- 29,725 caught, 85,129 missed

    TP 29,725   FP 98,504   TN 89,048,009   FN 85,129
    precision  TP/(TP+FP) = 0.2318   (98,504 wasted call-outs per 29,725 real catches)
    recall     TP/(TP+FN) = 0.2588   (85,129 failures went unflagged)
    false-alarm rate FP/(FP+TN) = 0.0011
========================================================================================
TEST PRECISION@K -- ranking windows
========================================================================================
  89,261,367 items ranked, 114,854 positive (base rate 0.129%)
       K |   hits |  precision |    best |  recall@K |     lift
  -------+--------+------------+---------+-----------+---------
      10 |      8 |     0.8000 |  1.0000 |    0.0001 |   621.7x
      25 |     20 |     0.8000 |  1.0000 |    0.0002 |   621.7x
      50 |     36 |     0.7200 |  1.0000 |    0.0003 |   559.6x
     100 |     73 |     0.7300 |  1.0000 |    0.0006 |   567.3x
     250 |    180 |     0.7200 |  1.0000 |    0.0016 |   559.6x
    1000 |    702 |     0.7020 |  1.0000 |    0.0061 |   545.6x
========================================================================================
TEST PRECISION@K -- ranking DRIVES (each drive scored by its worst window)
========================================================================================
  82,609 items ranked, 3,713 positive (base rate 4.495%)
       K |   hits |  precision |    best |  recall@K |     lift
  -------+--------+------------+---------+-----------+---------
      10 |      8 |     0.8000 |  1.0000 |    0.0022 |    17.8x
      25 |     20 |     0.8000 |  1.0000 |    0.0054 |    17.8x
      50 |     38 |     0.7600 |  1.0000 |    0.0102 |    16.9x
     100 |     83 |     0.8300 |  1.0000 |    0.0224 |    18.5x
     250 |    221 |     0.8840 |  1.0000 |    0.0595 |    19.7x
    1000 |    791 |     0.7910 |  1.0000 |    0.2130 |    17.6x
========================================================================================
SUMMARY
========================================================================================
  val   @tuned           PR-AUC 0.1541 | ROC-AUC 0.8848 | P 0.2347 | R 0.2699 | F1 0.2511 | thr 0.6089 | TP 18530 FP 60406 FN 50126 TN 53649411
  test  @0.50            PR-AUC 0.1478 | ROC-AUC 0.8856 | P 0.1738 | R 0.3225 | F1 0.2259 | thr 0.5000 | TP 37037 FP 176033 FN 77817 TN 88970480
  test  @tuned           PR-AUC 0.1478 | ROC-AUC 0.8856 | P 0.2318 | R 0.2588 | F1 0.2446 | thr 0.6089 | TP 29725 FP 98504 FN 85129 TN 89048009
  curves drawn from 4,000,000 of 89,261,367 test windows (uniform subsample; all printed metrics use the full pass)
  saved results/figures/2022x_step3_evaluation.png
C:\Users\tempuser2\Desktop\XGBOOST_2.0\XGBOOST\scripts\backblaze_window_pipeline.py:2385: UserWarning: FigureCanvasAgg is non-interactive, and thus cannot be shown
  plt.show()
<Figure size 2090x462 with 4 Axes>
[cell 15 done in 3128.9s]

==============================================================================
[cell 16/29] thr = results["best_threshold"]
==============================================================================
    test: 1/755 batches (  0.1%, 1s)
    test: 76/755 batches ( 10.1%, 7s)
    test: 151/755 batches ( 20.0%, 14s)
    test: 226/755 batches ( 29.9%, 19s)
    test: 301/755 batches ( 39.9%, 24s)
    test: 376/755 batches ( 49.8%, 30s)
    test: 451/755 batches ( 59.7%, 37s)
    test: 526/755 batches ( 69.7%, 44s)
    test: 601/755 batches ( 79.6%, 51s)
    test: 676/755 batches ( 89.5%, 57s)
    test: 751/755 batches ( 99.5%, 62s)

PER-WINDOW VERDICTS -- 3,088,649 tiling windows over 82,609 test drives, threshold 0.6089

  predicted FAIL ....... 6,196
  actually  FAIL ....... 7,424
  correct .............. 3,080,373 of 3,088,649 (99.7321% accuracy)
  TP 2,672   FP 3,524   FN 4,752   TN 3,077,701
  precision 0.4312   recall 0.3599

  note: 'accuracy' here is dominated by the 99.760% of windows that are negative -- always saying 'no fail' would score 99.7596%.
[cell 16 done in 64.1s]

==============================================================================
[cell 17/29] # Every window of a few drives that really failed: the verdict as the 
==============================================================================

drive 1040A00VF97G  --  36 windows covering 2022-01-01 .. 2024-12-01
 window_in_drive window_start window_end     risk verdict   truth
              24   2023-12-22 2024-01-20 0.003406 no fail no fail
              25   2024-01-21 2024-02-19 0.003372 no fail no fail
              26   2024-02-20 2024-03-20 0.002816 no fail no fail
              27   2024-03-21 2024-04-19 0.004011 no fail no fail
              28   2024-04-20 2024-05-19 0.002298 no fail no fail
              29   2024-05-20 2024-06-18 0.004165 no fail no fail
              30   2024-06-19 2024-07-18 0.003385 no fail no fail
              31   2024-07-19 2024-08-17 0.003948 no fail no fail
              32   2024-08-18 2024-09-16 0.002615 no fail no fail
              33   2024-09-17 2024-10-16 0.002721 no fail no fail
              34   2024-10-17 2024-11-15 0.005162 no fail    FAIL
              35   2024-11-02 2024-12-01 0.003164 no fail    FAIL

drive 1040A0C9F97G  --  8 windows covering 2022-01-01 .. 2022-08-01
 window_in_drive window_start window_end     risk verdict   truth
               0   2022-01-01 2022-01-30 0.009756 no fail no fail
               1   2022-01-31 2022-03-01 0.008779 no fail no fail
               2   2022-03-02 2022-03-31 0.015381 no fail no fail
               3   2022-04-01 2022-04-30 0.010501 no fail no fail
               4   2022-05-01 2022-05-30 0.005963 no fail no fail
               5   2022-05-31 2022-06-29 0.007538 no fail no fail
               6   2022-06-30 2022-07-29 0.009740 no fail    FAIL
               7   2022-07-03 2022-08-01 0.009576 no fail    FAIL

drive 1060A01CF97G  --  17 windows covering 2022-01-01 .. 2023-05-22
 window_in_drive window_start window_end     risk verdict   truth
               5   2022-05-31 2022-06-29 0.002998 no fail no fail
               6   2022-06-30 2022-07-29 0.002358 no fail no fail
               7   2022-07-30 2022-08-28 0.002521 no fail no fail
               8   2022-08-29 2022-09-27 0.404012 no fail no fail
               9   2022-09-28 2022-10-27 0.316350 no fail no fail
              10   2022-10-28 2022-11-26 0.005576 no fail no fail
              11   2022-11-27 2022-12-26 0.007795 no fail no fail
              12   2022-12-27 2023-01-25 0.007018 no fail no fail
              13   2023-01-26 2023-02-24 0.006955 no fail no fail
              14   2023-02-25 2023-03-26 0.381031 no fail no fail
              15   2023-03-27 2023-04-25 0.008873 no fail    FAIL
              16   2023-04-23 2023-05-22 0.679905    FAIL    FAIL
[cell 17 done in 0.0s]

==============================================================================
[cell 18/29] fig, picks = ap.plot_drive_histograms(
==============================================================================
  saved results/figures/2022x_step4_drive_histograms.png

24 drives plotted, one histogram each: the distribution of that drive's 30-day windows over predicted risk.
C:\Users\tempuser2\Desktop\XGBOOST_2.0\XGBOOST\scripts\archive_window_pipeline.py:1965: UserWarning: FigureCanvasAgg is non-interactive, and thus cannot be shown
  plt.show()
[cell 18 done in 3.4s]

==============================================================================
[cell 19/29] t0 = time.time()
==============================================================================
    features 500,000/10,519,256 (  4.8%, 13s)
    features 2,500,000/10,519,256 ( 23.8%, 68s)
    features 4,500,000/10,519,256 ( 42.8%, 177s)
    features 6,500,000/10,519,256 ( 61.8%, 244s)
    features 8,500,000/10,519,256 ( 80.8%, 310s)
    features 10,500,000/10,519,256 ( 99.8%, 399s)
  feature table 10,519,256 x 138 float32 (5.8 GB), 25,254 positive (0.2401%)
    features 500,000/1,860,545 ( 26.9%, 21s)
  feature table 1,860,545 x 138 float32 (1.0 GB), 4,449 positive (0.2391%)
    features 500,000/3,088,649 ( 16.2%, 25s)
    features 2,500,000/3,088,649 ( 80.9%, 44s)
  feature table 3,088,649 x 138 float32 (1.7 GB), 7,424 positive (0.2404%)

built in 545s   train (10519256, 138)   val (1860545, 138)   test (3088649, 138)
138 features = 46 channels x 3 aggregates (last, mean, delta)
[cell 19 done in 545.2s]

==============================================================================
[cell 20/29] # The CNN is finished with the GPU; hand its cached blocks back before
==============================================================================
[0]	validation_0-aucpr:0.23294
[100]	validation_0-aucpr:0.37452
[200]	validation_0-aucpr:0.38596
[300]	validation_0-aucpr:0.39020
[400]	validation_0-aucpr:0.39178
[500]	validation_0-aucpr:0.39295
[569]	validation_0-aucpr:0.39289

best iteration 469 of 3000 (val PR-AUC 0.3932)  --  53s on cuda
[cell 20 done in 53.3s]

==============================================================================
[cell 21/29] # Predict on the CPU: the tables are NumPy arrays in host memory, and 
==============================================================================
threshold tuned on validation: 0.2172  (val F1 0.4408)

  val   @tuned           PR-AUC 0.3932 | ROC-AUC 0.9205 | P 0.4900 | R 0.4005 | F1 0.4408 | thr 0.2172 | TP 1782 FP 1855 FN 2667 TN 1854241
  test  @0.50            PR-AUC 0.3875 | ROC-AUC 0.9186 | P 0.6992 | R 0.2411 | F1 0.3586 | thr 0.5000 | TP 1790 FP 770 FN 5634 TN 3080455
  test  @tuned           PR-AUC 0.3875 | ROC-AUC 0.9186 | P 0.4950 | R 0.3968 | F1 0.4405 | thr 0.2172 | TP 2946 FP 3006 FN 4478 TN 3078219

========================================================================================
XGBOOST TEST PRECISION@K -- ranking windows
========================================================================================
  3,088,649 items ranked, 7,424 positive (base rate 0.240%)
       K |   hits |  precision |    best |  recall@K |     lift
  -------+--------+------------+---------+-----------+---------
      10 |     10 |     1.0000 |  1.0000 |    0.0013 |   416.0x
      25 |     24 |     0.9600 |  1.0000 |    0.0032 |   399.4x
      50 |     49 |     0.9800 |  1.0000 |    0.0066 |   407.7x
     100 |     98 |     0.9800 |  1.0000 |    0.0132 |   407.7x
     250 |    232 |     0.9280 |  1.0000 |    0.0312 |   386.1x
    1000 |    857 |     0.8570 |  1.0000 |    0.1154 |   356.5x
========================================================================================
XGBOOST TEST PRECISION@K -- ranking DRIVES (each by its worst window)
========================================================================================
  82,609 items ranked, 3,713 positive (base rate 4.495%)
       K |   hits |  precision |    best |  recall@K |     lift
  -------+--------+------------+---------+-----------+---------
      10 |     10 |     1.0000 |  1.0000 |    0.0027 |    22.2x
      25 |     24 |     0.9600 |  1.0000 |    0.0065 |    21.4x
      50 |     49 |     0.9800 |  1.0000 |    0.0132 |    21.8x
     100 |     99 |     0.9900 |  1.0000 |    0.0267 |    22.0x
     250 |    241 |     0.9640 |  1.0000 |    0.0649 |    21.4x
    1000 |    921 |     0.9210 |  1.0000 |    0.2480 |    20.5x

what XGBoost relies on most (share of total gain):
                   feature      gain
1   smart_197_raw_d7__last  0.365464
2     smart_5_raw_d1__last  0.151739
3       smart_5_raw__delta  0.044702
4   smart_197_raw_d7__mean  0.039978
5     smart_5_raw_d7__mean  0.037540
6     smart_4_raw_d1__mean  0.019799
7      smart_197_raw__mean  0.017686
8        smart_5_raw__mean  0.016566
9           observed__mean  0.013565
10   smart_12_raw_d1__mean  0.013233
11    smart_5_raw_d7__last  0.011221
12  smart_198_raw_d7__last  0.010156
13    smart_4_raw_d1__last  0.009836
14    smart_4_raw_d7__last  0.009310
15          observed__last  0.008020
[cell 21 done in 11.8s]

==============================================================================
[cell 22/29] # `pred` holds the CNN's score for exactly these tiling windows (§4). 
==============================================================================
CNN vs XGBOOST -- the same 3,088,649 tiling test windows over 82,609 test drives
(base rate 0.240% of windows; each model at its own validation-tuned threshold)

         PR-AUC  ROC-AUC  threshold  precision  recall     F1    TP    FP    FN
model                                                                          
CNN      0.3232   0.9053     0.6089     0.4312  0.3599 0.3924  2672  3524  4752
XGBoost  0.3875   0.9186     0.2172     0.4950  0.3968 0.4405  2946  3006  4478

Precision@K -- of the K drives (or windows) each model flags first, how many really failed:

   K  CNN drive hits  XGBoost drive hits  CNN drive precision  XGBoost drive precision  CNN window precision  XGBoost window precision
  10               9                  10               0.9000                   1.0000                0.9000                    1.0000
  25              22                  24               0.8800                   0.9600                0.8800                    0.9600
  50              45                  49               0.9000                   0.9800                0.8800                    0.9800
 100              92                  99               0.9200                   0.9900                0.9100                    0.9800
 250             234                 241               0.9360                   0.9640                0.8960                    0.9280
1000             856                 921               0.8560                   0.9210                0.7700                    0.8570
[cell 22 done in 2.3s]

==============================================================================
[cell 23/29] from sklearn.metrics import precision_recall_curve
==============================================================================
  saved results/figures/2022x_step5_cnn_vs_xgboost.png
C:\Users\tempuser2\AppData\Local\Temp\8\ipykernel_145348\78711109.py:29: UserWarning: FigureCanvasAgg is non-interactive, and thus cannot be shown
  plt.show()
189
[cell 23 done in 5.0s]

==============================================================================
[cell 24/29] # The exact ceiling: rows identical in every feature but disagreeing o
==============================================================================
  39 groups of identical feature rows carry both labels (13,981 rows, 134s)
  46 rows can never be classified correctly by any tree
  => ceiling on training accuracy: 0.99999563
[cell 24 done in 137.0s]

==============================================================================
[cell 25/29] tree, ladder = ap.grow_tree_to_full_accuracy(
==============================================================================
  depth    4 -> actual   4,        16 leaves | train acc 0.997777 (bal 0.5552) | test acc 0.997766 (bal 0.5538) | 343s
  depth    8 -> actual   8,       232 leaves | train acc 0.997925 (bal 0.6065) | test acc 0.997805 (bal 0.5936) | 678s
  depth   16 -> actual  16,     2,997 leaves | train acc 0.998491 (bal 0.6917) | test acc 0.997671 (bal 0.6057) | 1322s
  depth   32 -> actual  32,     8,186 leaves | train acc 0.999008 (bal 0.7941) | test acc 0.997295 (bal 0.6218) | 2753s
  depth none -> actual 123,    28,881 leaves | train acc 0.999996 (bal 0.9991) | test acc 0.996040 (bal 0.6320) | 5891s

max_depth  actual_depth  leaves  train_accuracy  test_accuracy  train_balanced_acc  test_balanced_acc  fit_seconds
        4             4      16        0.997777       0.997766            0.555234           0.553834   342.813823
        8             8     232        0.997925       0.997805            0.606543           0.593628   678.483665
       16            16    2997        0.998491       0.997671            0.691718           0.605655  1321.534391
       32            32    8186        0.999008       0.997295            0.794130           0.621793  2752.896112
     none           123   28881        0.999996       0.996040            0.999129           0.632049  5891.139536
[cell 25 done in 10987.8s]

==============================================================================
[cell 26/29] final = ladder.iloc[-1]
==============================================================================
FINAL TREE -- depth 123, 28,881 leaves, no depth limit, min_samples_leaf=1
  training accuracy .... 0.99999563
  test accuracy ........ 0.99604034
  training balanced .... 0.9991
  test balanced ........ 0.6320

  it lands 46 rows short of 100%, and those are the 46 rows that are
  IDENTICAL across all 138 features to a row carrying the opposite label. No tree can
  split what it cannot tell apart, so 99.999563% is the ceiling -- the tree is
  already at it, not falling short of it.

  the gap between the two ACCURACY columns is the tree memorising 28,881 leaves of training rows;
  the gap between the two BALANCED columns (0.999 vs 0.632) is what that memorisation is
  actually worth on a disk it has never seen.

what the tree splits on most:
                    feature  importance
1    smart_197_raw_d7__last    0.071871
2      smart_5_raw_d1__last    0.037265
3       smart_194_raw__mean    0.025644
4     smart_9_raw_d7__delta    0.022574
5   smart_193_raw_d7__delta    0.019868
6     smart_9_raw_d1__delta    0.019734
7      smart_9_raw_d1__last    0.019671
8    smart_197_raw_d7__mean    0.018742
9    smart_198_raw_d1__mean    0.017783
10      smart_193_raw__mean    0.016766
11   smart_194_raw_d7__mean    0.016491
12      smart_193_raw__last    0.014754
13      smart_192_raw__mean    0.014679
14        smart_1_raw__mean    0.014150
15        smart_5_raw__last    0.014032
[cell 26 done in 0.1s]

==============================================================================
[cell 27/29] fig, axes = plt.subplots(1, 2, figsize=(13, 4.2))
==============================================================================
  saved results/figures/2022x_step6_tree_depth.png
C:\Users\tempuser2\AppData\Local\Temp\8\ipykernel_145348\607113841.py:23: UserWarning: FigureCanvasAgg is non-interactive, and thus cannot be shown
  plt.show()
[cell 27 done in 0.7s]

==============================================================================
[cell 28/29] os.makedirs("models", exist_ok=True); os.makedirs("results", exist_ok=
==============================================================================
Saved models/backblaze_2022x_w30_cnn.pth and models/backblaze_2022x_w30_preprocessing_config.json
Saved models/backblaze_2022x_w30_xgb.json and its config
wrote results/w2022x_*.csv and results/w2022x_summary.json
[cell 28 done in 6.2s]

==============================================================================
[cell 29/29] p_tree = tree.predict_proba(Xte)[:, 1]
==============================================================================
========================================================================================
SUMMARY -- 3,088,649 test windows over 82,609 test drives (3,713 failed; window base rate 0.240%)
========================================================================================
                           drive precision @100  drives hit @100  drives hit @1000  PR-AUC  ROC-AUC  precision  recall     F1  threshold
model                                                                                                                                   
CNN                                      0.9200               92               856  0.3232   0.9053     0.4312  0.3599 0.3924     0.6089
XGBoost                                  0.9900               99               921  0.3875   0.9186     0.4950  0.3968 0.4405     0.2172
Decision tree (depth 123)                0.2300               23               350  0.0619   0.6318     0.2252  0.2664 0.2441     0.5000

  best at flagging drives (precision @100) ... XGBoost (0.9900, next best CNN at 0.9200)
  best ranking overall (PR-AUC) ............. XGBoost (0.3875, next best CNN at 0.3232)

  for reference, not comparable to the table: the CNN on every stride-1 test window (§4) scored
  PR-AUC 0.1478 over 89,261,367 overlapping windows.

wrote results/w2022x_model_summary.csv
[cell 29 done in 2.6s]

wrote Dataset_backblaze_Analysis_2022_XGBoost.ipynb -- total 20969.6s
