ArchiveSeriesStore: 413,045 drives, 459,048,144 dense drive-days, 46 channels (84 GB memory-mapped), 18,564 drives with a failure event
========================================================================================
CNN SEARCH -- random, 30 trials x 3 epochs
========================================================================================
  options offered:
    dilations              [(1, 2), (1, 2, 4), (1, 2, 4, 8), (1, 2, 4, 8, 16), (1, 2, 4, 8, 16, 32), (1, 1, 2, 2, 4, 4)]
    hidden_dim             [32, 64, 96, 128]
    dropout                [0.1, 0.2, 0.3]
    lr                     [0.0003, 0.001, 0.003]
    kernel_size            [3, 5]
    weight_decay           [1e-05, 0.0001]
    train_positive_ratio   [0.15, 0.25, 0.4]
  grid size ............ 2,592 combinations
  scored on ............ 1,811,777 validation windows (stride 30, 2,308 positive), identical for every trial
  ranked by ............ validation PR-AUC
========================================================================================
  [ 1/30] 2L dil 1-2          k3 h128  drop 0.2 lr 1e-03 pos 0.15 |  222,081 par | PR-AUC 0.1365 ROC 0.8657 | 276s
  [ 2/30] 6L dil 1-2-4-8-16-32 k5 h32   drop 0.1 lr 1e-03 pos 0.40 |   69,473 par | PR-AUC 0.1351 ROC 0.8813 | 53s
  [ 3/30] 6L dil 1-2-4-8-16-32 k5 h128  drop 0.2 lr 3e-04 pos 0.25 |  990,593 par | PR-AUC 0.1380 ROC 0.8736 | 102s
  [ 4/30] 4L dil 1-2-4-8      k5 h32   drop 0.3 lr 3e-03 pos 0.40 |   48,609 par | PR-AUC 0.1341 ROC 0.8793 | 45s
  [ 5/30] 5L dil 1-2-4-8-16   k3 h64   drop 0.2 lr 3e-04 pos 0.40 |  136,769 par | PR-AUC 0.1292 ROC 0.8774 | 53s
  [ 6/30] 2L dil 1-2          k5 h128  drop 0.3 lr 3e-04 pos 0.40 |  332,161 par | PR-AUC 0.1351 ROC 0.8742 | 55s
  [ 7/30] 6L dil 1-2-4-8-16-32 k3 h64   drop 0.1 lr 3e-03 pos 0.40 |  161,729 par | PR-AUC 0.1371 ROC 0.8767 | 57s
  [ 8/30] 6L dil 1-2-4-8-16-32 k3 h128  drop 0.1 lr 1e-03 pos 0.15 |  618,369 par | PR-AUC 0.1401 ROC 0.8753 | 95s
  [ 9/30] 5L dil 1-2-4-8-16   k5 h32   drop 0.3 lr 3e-03 pos 0.25 |   59,041 par | PR-AUC 0.1327 ROC 0.8737 | 50s
  [10/30] 6L dil 1-1-2-2-4-4  k3 h64   drop 0.1 lr 3e-03 pos 0.25 |  161,729 par | PR-AUC 0.1426 ROC 0.8765 | 59s
  [11/30] 6L dil 1-2-4-8-16-32 k5 h32   drop 0.2 lr 3e-04 pos 0.15 |   69,473 par | PR-AUC 0.1173 ROC 0.8727 | 46s
  [12/30] 3L dil 1-2-4        k3 h96   drop 0.3 lr 3e-03 pos 0.40 |  185,569 par | PR-AUC 0.1442 ROC 0.8801 | 59s
  [13/30] 5L dil 1-2-4-8-16   k5 h96   drop 0.1 lr 3e-04 pos 0.25 |  472,033 par | PR-AUC 0.1375 ROC 0.8766 | 99s
  [14/30] 6L dil 1-2-4-8-16-32 k3 h128  drop 0.2 lr 3e-03 pos 0.40 |  618,369 par | PR-AUC 0.1415 ROC 0.8793 | 117s
  [15/30] 5L dil 1-2-4-8-16   k5 h32   drop 0.3 lr 3e-04 pos 0.40 |   59,041 par | PR-AUC 0.1257 ROC 0.8703 | 94s
  [16/30] 6L dil 1-2-4-8-16-32 k5 h128  drop 0.2 lr 1e-03 pos 0.40 |  990,593 par | PR-AUC 0.1430 ROC 0.8841 | 121s
  [17/30] 5L dil 1-2-4-8-16   k3 h64   drop 0.2 lr 1e-03 pos 0.15 |  136,769 par | PR-AUC 0.1382 ROC 0.8777 | 126s
  [18/30] 2L dil 1-2          k3 h64   drop 0.3 lr 1e-03 pos 0.25 |   61,889 par | PR-AUC 0.1272 ROC 0.8688 | 138s
  [19/30] 2L dil 1-2          k5 h128  drop 0.2 lr 1e-03 pos 0.15 |  332,161 par | PR-AUC 0.1380 ROC 0.8569 | 148s
  [20/30] 5L dil 1-2-4-8-16   k3 h128  drop 0.1 lr 1e-03 pos 0.25 |  519,297 par | PR-AUC 0.1457 ROC 0.8776 | 136s
  [21/30] 6L dil 1-1-2-2-4-4  k5 h32   drop 0.1 lr 1e-03 pos 0.15 |   69,473 par | PR-AUC 0.1318 ROC 0.8769 | 77s
  [22/30] 3L dil 1-2-4        k3 h128  drop 0.1 lr 3e-03 pos 0.15 |  321,153 par | PR-AUC 0.1289 ROC 0.8551 | 152s
  [23/30] 4L dil 1-2-4-8      k5 h96   drop 0.1 lr 1e-03 pos 0.40 |  379,297 par | PR-AUC 0.1436 ROC 0.8787 | 184s
  [24/30] 5L dil 1-2-4-8-16   k5 h64   drop 0.2 lr 1e-03 pos 0.15 |  216,385 par | PR-AUC 0.1413 ROC 0.8713 | 82s
  [25/30] 4L dil 1-2-4-8      k5 h32   drop 0.1 lr 3e-04 pos 0.40 |   48,609 par | PR-AUC 0.1312 ROC 0.8803 | 81s
  [26/30] 4L dil 1-2-4-8      k5 h96   drop 0.1 lr 3e-03 pos 0.15 |  379,297 par | PR-AUC 0.1233 ROC 0.8444 | 122s
  [27/30] 4L dil 1-2-4-8      k3 h96   drop 0.2 lr 1e-03 pos 0.15 |  241,441 par | PR-AUC 0.1399 ROC 0.8747 | 177s
  [28/30] 3L dil 1-2-4        k3 h96   drop 0.2 lr 1e-03 pos 0.15 |  185,569 par | PR-AUC 0.1342 ROC 0.8643 | 58s
  [29/30] 4L dil 1-2-4-8      k3 h32   drop 0.2 lr 3e-03 pos 0.25 |   31,329 par | PR-AUC 0.1338 ROC 0.8719 | 43s
  [30/30] 6L dil 1-2-4-8-16-32 k5 h64   drop 0.1 lr 3e-03 pos 0.40 |  257,729 par | PR-AUC 0.1415 ROC 0.8818 | 60s

  wrote results/w2022x_cnn_search.csv

    trial  layers      dilations  kernel_size  receptive_field_days  hidden_dim  dropout      lr  weight_decay  train_positive_ratio  parameters  val_pr_auc  val_roc_auc  best_epoch     seconds
1      20       5     1-2-4-8-16            3                   125         128      0.1  0.0010       0.00001                  0.25      519297    0.145695     0.877631           3  136.497588
2      12       3          1-2-4            3                    29          96      0.3  0.0030       0.00001                  0.40      185569    0.144153     0.880100           3   59.072837
3      23       4        1-2-4-8            5                   121          96      0.1  0.0010       0.00010                  0.40      379297    0.143606     0.878669           3  183.834462
4      16       6  1-2-4-8-16-32            5                   505         128      0.2  0.0010       0.00001                  0.40      990593    0.143038     0.884129           3  121.381254
5      10       6    1-1-2-2-4-4            3                    57          64      0.1  0.0030       0.00001                  0.25      161729    0.142635     0.876482           3   58.996408
6      14       6  1-2-4-8-16-32            3                   253         128      0.2  0.0030       0.00001                  0.40      618369    0.141468     0.879268           3  117.297256
7      30       6  1-2-4-8-16-32            5                   505          64      0.1  0.0030       0.00001                  0.40      257729    0.141463     0.881769           3   59.635504
8      24       5     1-2-4-8-16            5                   249          64      0.2  0.0010       0.00001                  0.15      216385    0.141252     0.871254           3   81.929038
9       8       6  1-2-4-8-16-32            3                   253         128      0.1  0.0010       0.00001                  0.15      618369    0.140115     0.875332           3   94.684624
10     27       4        1-2-4-8            3                    61          96      0.2  0.0010       0.00001                  0.15      241441    0.139936     0.874657           3  176.631427
11     17       5     1-2-4-8-16            3                   125          64      0.2  0.0010       0.00001                  0.15      136769    0.138160     0.877723           3  125.654267
12     19       2            1-2            5                    25         128      0.2  0.0010       0.00010                  0.15      332161    0.138043     0.856910           3  147.754153
13      3       6  1-2-4-8-16-32            5                   505         128      0.2  0.0003       0.00001                  0.25      990593    0.137981     0.873577           3  102.474878
14     13       5     1-2-4-8-16            5                   249          96      0.1  0.0003       0.00010                  0.25      472033    0.137519     0.876587           3   99.266411
15      7       6  1-2-4-8-16-32            3                   253          64      0.1  0.0030       0.00010                  0.40      161729    0.137076     0.876742           3   57.161445
16      1       2            1-2            3                    13         128      0.2  0.0010       0.00010                  0.15      222081    0.136522     0.865738           3  276.220581
17      2       6  1-2-4-8-16-32            5                   505          32      0.1  0.0010       0.00010                  0.40       69473    0.135107     0.881254           3   53.400665
18      6       2            1-2            5                    25         128      0.3  0.0003       0.00001                  0.40      332161    0.135080     0.874177           3   54.570282
19     28       3          1-2-4            3                    29          96      0.2  0.0010       0.00010                  0.15      185569    0.134199     0.864339           3   58.088325
20      4       4        1-2-4-8            5                   121          32      0.3  0.0030       0.00001                  0.40       48609    0.134130     0.879343           3   44.690931
21     29       4        1-2-4-8            3                    61          32      0.2  0.0030       0.00010                  0.25       31329    0.133766     0.871855           3   42.745330
22      9       5     1-2-4-8-16            5                   249          32      0.3  0.0030       0.00010                  0.25       59041    0.132712     0.873731           3   50.201414
23     21       6    1-1-2-2-4-4            5                   113          32      0.1  0.0010       0.00010                  0.15       69473    0.131775     0.876865           3   77.402806
24     25       4        1-2-4-8            5                   121          32      0.1  0.0003       0.00010                  0.40       48609    0.131172     0.880322           3   81.258975
25      5       5     1-2-4-8-16            3                   125          64      0.2  0.0003       0.00010                  0.40      136769    0.129209     0.877427           3   52.918339
26     22       3          1-2-4            3                    29         128      0.1  0.0030       0.00010                  0.15      321153    0.128853     0.855130           3  152.305794
27     18       2            1-2            3                    13          64      0.3  0.0010       0.00010                  0.25       61889    0.127165     0.868787           3  137.558157
28     15       5     1-2-4-8-16            5                   249          32      0.3  0.0003       0.00001                  0.40       59041    0.125682     0.870334           3   94.282345
29     26       4        1-2-4-8            5                   121          96      0.1  0.0030       0.00010                  0.15      379297    0.123336     0.844399           3  122.422724
30     11       6  1-2-4-8-16-32            5                   505          32      0.2  0.0003       0.00001                  0.15       69473    0.117317     0.872726           3   45.973553

BEST: 5 layers (dilations 1-2-4-8-16), kernel 3, hidden 128, dropout 0.1, lr 0.001, weight_decay 1e-05, positive_ratio 0.25
     val PR-AUC 0.1457 (519,297 parameters)
total 49.4 min
